2026-10-02 16:16:23,603 | INFO | PGEO.JK - no data
2026-10-02 16:16:24,318 | WARNING | PNLF.JK empty data on attempt 1
2026-10-02 16:16:25,455 | WARNING | PNLF.JK empty data on attempt 2
2026-10-02 16:16:26,800 | WARNING | PNLF.JK empty data on attempt 3
2026-10-02 16:16:28,877 | WARNING | PNLF.JK empty data on attempt 4
2026-10-02 16:16:29,431 | INFO | PNLF.JK - no data
2026-10-02 16:16:30,133 | WARNING | PTBA.JK empty data on attempt 1
2026-10-02 16:16:31,563 | WARNING | PTBA.JK empty data on attempt 2
2026-10-02 16:16:32,843 | WARNING | PTBA.JK empty data on attempt 3
2026-10-02 16:16:34,435 | WARNING | PTBA.JK empty data on attempt 4
2026-10-02 16:16:35,397 | INFO | PTBA.JK - no data
2026-10-02 16:16:35,971 | WARNING | PTRO.JK empty data on attempt 1
2026-10-02 16:16:37,768 | WARNING | PTRO.JK empty data on attempt 2
2026-10-02 16:16:39,054 | WARNING | PTRO.JK empty data on attempt 3
2026-10-02 16:16:40,925 | WARNING | PTRO.JK empty data on attempt 4
2026-10-02 16:16:42,086 | INFO | PTRO.JK - no data
2026-10-02 16:16:42,690 | WARNING | PWON.JK empty data on attempt 1
2026-10-02 16:16:44,215 | WARNING | PWON.JK empty data on attempt 2
2026-10-02 16:16:45,924 | WARNING | PWON.JK empty data on attempt 3
2026-10-02 16:16:47,716 | WARNING | PWON.JK empty data on attempt 4
2026-10-02 16:16:48,497 | INFO | PWON.JK - no data
2026-10-02 16:16:49,337 | WARNING | RAJA.JK empty data on attempt 1
2026-10-02 16:16:50,969 | WARNING | RAJA.JK empty data on attempt 2
2026-10-02 16:16:52,551 | WARNING | RAJA.JK empty data on attempt 3
2026-10-02 16:16:54,379 | WARNING | RAJA.JK empty data on attempt 4
2026-10-02 16:16:54,994 | INFO | RAJA.JK - no data
2026-10-02 16:16:56,096 | WARNING | RATU.JK empty data on attempt 1
2026-10-02 16:16:57,892 | WARNING | RATU.JK empty data on attempt 2
2026-10-02 16:16:59,282 | WARNING | RATU.JK empty data on attempt 3
2026-10-02 16:17:00,473 | WARNING | RATU.JK empty data on attempt 4
2026-10-02 16:17:01,638 | INFO | RATU.JK - no data
2026-10-02 16:17:02,724 | WARNING | SCMA.JK empty data on attempt 1
2026-10-02 16:17:04,035 | WARNING | SCMA.JK empty data on attempt 2
2026-10-02 16:17:05,542 | WARNING | SCMA.JK empty data on attempt 3
2026-10-02 16:17:07,654 | WARNING | SCMA.JK empty data on attempt 4
2026-10-02 16:17:08,871 | INFO | SCMA.JK - no data
2026-10-02 16:17:09,703 | WARNING | SIDO.JK empty data on attempt 1
2026-10-02 16:17:11,437 | WARNING | SIDO.JK empty data on attempt 2
2026-10-02 16:17:13,424 | WARNING | SIDO.JK empty data on attempt 3
2026-10-02 16:17:15,102 | WARNING | SIDO.JK empty data on attempt 4
2026-10-02 16:17:16,442 | INFO | SIDO.JK - no data
2026-10-02 16:17:17,252 | WARNING | SMGR.JK empty data on attempt 1
2026-10-02 16:17:19,083 | WARNING | SMGR.JK empty data on attempt 2
2026-10-02 16:17:20,605 | WARNING | SMGR.JK empty data on attempt 3
2026-10-02 16:17:21,922 | WARNING | SMGR.JK empty data on attempt 4
2026-10-02 16:17:23,357 | INFO | SMGR.JK - no data
2026-10-02 16:17:24,013 | WARNING | SMRA.JK empty data on attempt 1
2026-10-02 16:17:25,427 | WARNING | SMRA.JK empty data on attempt 2
2026-10-02 16:17:27,473 | WARNING | SMRA.JK empty data on attempt 3
2026-10-02 16:17:28,808 | WARNING | SMRA.JK empty data on attempt 4
2026-10-02 16:17:29,858 | INFO | SMRA.JK - no data
2026-10-02 16:17:30,541 | WARNING | SSIA.JK empty data on attempt 1
2026-10-02 16:17:31,790 | WARNING | SSIA.JK empty data on attempt 2
2026-10-02 16:17:33,731 | WARNING | SSIA.JK empty data on attempt 3
2026-10-02 16:17:35,226 | WARNING | SSIA.JK empty data on attempt 4
2026-10-02 16:17:35,771 | INFO | SSIA.JK - no data
2026-10-02 16:17:36,479 | WARNING | TAPG.JK empty data on attempt 1
2026-10-02 16:17:38,531 | WARNING | TAPG.JK empty data on attempt 2
2026-10-02 16:17:40,783 | WARNING | TAPG.JK empty data on attempt 3
2026-10-02 16:17:42,540 | WARNING | TAPG.JK empty data on attempt 4
2026-10-02 16:17:43,761 | INFO | TAPG.JK - no data
2026-10-02 16:17:44,415 | WARNING | TLKM.JK empty data on attempt 1
2026-10-02 16:17:45,636 | WARNING | TLKM.JK empty data on attempt 2
2026-10-02 16:17:47,791 | WARNING | TLKM.JK empty data on attempt 3
2026-10-02 16:17:49,004 | WARNING | TLKM.JK empty data on attempt 4
2026-10-02 16:17:50,058 | INFO | TLKM.JK - no data
2026-10-02 16:17:50,664 | WARNING | TOWR.JK empty data on attempt 1
2026-10-02 16:17:52,030 | WARNING | TOWR.JK empty data on attempt 2
2026-10-02 16:17:53,719 | WARNING | TOWR.JK empty data on attempt 3
2026-10-02 16:17:54,876 | WARNING | TOWR.JK empty data on attempt 4
2026-10-02 16:17:55,657 | INFO | TOWR.JK - no data
2026-10-02 16:17:56,429 | WARNING | TPIA.JK empty data on attempt 1
2026-10-02 16:17:57,655 | WARNING | TPIA.JK empty data on attempt 2
2026-10-02 16:17:59,850 | WARNING | TPIA.JK empty data on attempt 3
2026-10-02 16:18:01,444 | WARNING | TPIA.JK empty data on attempt 4
2026-10-02 16:18:02,433 | INFO | TPIA.JK - no data
2026-10-02 16:18:03,474 | WARNING | UNTR.JK empty data on attempt 1
2026-10-02 16:18:05,123 | WARNING | UNTR.JK empty data on attempt 2
2026-10-02 16:18:06,930 | WARNING | UNTR.JK empty data on attempt 3
2026-10-02 16:18:08,821 | WARNING | UNTR.JK empty data on attempt 4
2026-10-02 16:18:09,574 | INFO | UNTR.JK - no data
2026-10-02 16:18:10,205 | WARNING | UNVR.JK empty data on attempt 1
2026-10-02 16:18:13,020 | WARNING | UNVR.JK empty data on attempt 2
2026-10-02 16:18:15,203 | WARNING | UNVR.JK empty data on attempt 3
2026-10-02 16:18:17,191 | WARNING | UNVR.JK empty data on attempt 4
2026-10-02 16:18:17,947 | INFO | UNVR.JK - no data
2026-10-02 16:18:18,608 | WARNING | WIFI.JK empty data on attempt 1
2026-10-02 16:18:20,741 | WARNING | WIFI.JK empty data on attempt 2
2026-10-02 16:18:22,745 | WARNING | WIFI.JK empty data on attempt 3
2026-10-02 16:18:23,988 | WARNING | WIFI.JK empty data on attempt 4
2026-10-02 16:18:24,582 | INFO | WIFI.JK - no data
2026-10-02 16:18:24,583 | INFO | SCAN DONE | scanned=0 failed=80 setups=0 output=alert.csv
